src/controllers/auth.controller.ts(34,18): error TS6133: 'req' is declared but its value is never read.
src/server.ts(4,26): error TS2305: Module '"./config/database"' has no exported member 'closeConnection'.
